{"at_utc": "2026-10-09T00:29:12.416249+00:00", "phase": "running", "runs_complete": 753, "expected_runs": 1080, "fresh_calls_complete": 5271, "current_case": "RetailNet__promotion__seed121__origin83", "day": 6}
{"at_utc": "2026-10-09T00:29:52.417601+00:00", "phase": "running", "runs_complete": 756, "expected_runs": 1080, "fresh_calls_complete": 5292, "current_case": "M5__routine__seed122__origin1927", "day": 3}
{"at_utc": "2026-10-09T00:30:32.418878+00:00", "phase": "running", "runs_complete": 762, "expected_runs": 1080, "fresh_calls_complete": 5334, "current_case": "RetailNet__routine__seed122__origin83", "day": 0}
{"at_utc": "2026-10-09T00:31:12.420120+00:00", "phase": "running", "runs_complete": 765, "expected_runs": 1080, "fresh_calls_complete": 5355, "current_case": "RetailNet__routine__seed122__origin90", "day": 4}
{"at_utc": "2026-10-09T00:31:52.421523+00:00", "phase": "running", "runs_complete": 771, "expected_runs": 1080, "fresh_calls_complete": 5397, "current_case": "M5__supplier_disruption__seed122__origin1934", "day": 1}
{"at_utc": "2026-10-09T00:32:32.422886+00:00", "phase": "running", "runs_complete": 774, "expected_runs": 1080, "fresh_calls_complete": 5418, "current_case": "RetailNet__supplier_disruption__seed122__origin83", "day": 5}
{"at_utc": "2026-10-09T00:33:12.424250+00:00", "phase": "running", "runs_complete": 780, "expected_runs": 1080, "fresh_calls_complete": 5460, "current_case": "M5__promotion__seed122__origin1927", "day": 1}
{"at_utc": "2026-10-09T00:33:52.425723+00:00", "phase": "running", "runs_complete": 783, "expected_runs": 1080, "fresh_calls_complete": 5481, "current_case": "M5__promotion__seed122__origin1934", "day": 5}
{"at_utc": "2026-10-09T00:34:32.427006+00:00", "phase": "running", "runs_complete": 789, "expected_runs": 1080, "fresh_calls_complete": 5523, "current_case": "RetailNet__promotion__seed122__origin90", "day": 1}
{"at_utc": "2026-10-09T00:35:12.428474+00:00", "phase": "running", "runs_complete": 792, "expected_runs": 1080, "fresh_calls_complete": 5544, "current_case": "M5__routine__seed123__origin1927", "day": 5}
{"at_utc": "2026-10-09T00:35:52.429799+00:00", "phase": "running", "runs_complete": 798, "expected_runs": 1080, "fresh_calls_complete": 5586, "current_case": "RetailNet__routine__seed123__origin83", "day": 1}
{"at_utc": "2026-10-09T00:36:32.436824+00:00", "phase": "running", "runs_complete": 801, "expected_runs": 1080, "fresh_calls_complete": 5607, "current_case": "RetailNet__routine__seed123__origin90", "day": 5}
{"at_utc": "2026-10-09T00:37:12.438149+00:00", "phase": "running", "runs_complete": 807, "expected_runs": 1080, "fresh_calls_complete": 5649, "current_case": "M5__supplier_disruption__seed123__origin1934", "day": 1}
{"at_utc": "2026-10-09T00:37:52.439452+00:00", "phase": "running", "runs_complete": 810, "expected_runs": 1080, "fresh_calls_complete": 5670, "current_case": "RetailNet__supplier_disruption__seed123__origin83", "day": 5}
{"at_utc": "2026-10-09T00:38:32.441452+00:00", "phase": "running", "runs_complete": 816, "expected_runs": 1080, "fresh_calls_complete": 5712, "current_case": "M5__promotion__seed123__origin1927", "day": 1}
{"at_utc": "2026-10-09T00:39:12.443427+00:00", "phase": "running", "runs_complete": 819, "expected_runs": 1080, "fresh_calls_complete": 5733, "current_case": "M5__promotion__seed123__origin1934", "day": 4}
{"at_utc": "2026-10-09T00:39:52.445380+00:00", "phase": "running", "runs_complete": 825, "expected_runs": 1080, "fresh_calls_complete": 5775, "current_case": "RetailNet__promotion__seed123__origin90", "day": 0}
{"at_utc": "2026-10-09T00:40:32.446970+00:00", "phase": "running", "runs_complete": 828, "expected_runs": 1080, "fresh_calls_complete": 5796, "current_case": "M5__routine__seed124__origin1927", "day": 4}
{"at_utc": "2026-10-09T00:41:12.448400+00:00", "phase": "running", "runs_complete": 834, "expected_runs": 1080, "fresh_calls_complete": 5838, "current_case": "RetailNet__routine__seed124__origin83", "day": 1}
{"at_utc": "2026-10-09T00:41:52.449892+00:00", "phase": "running", "runs_complete": 837, "expected_runs": 1080, "fresh_calls_complete": 5859, "current_case": "RetailNet__routine__seed124__origin90", "day": 4}
{"at_utc": "2026-10-09T00:42:32.453851+00:00", "phase": "running", "runs_complete": 843, "expected_runs": 1080, "fresh_calls_complete": 5901, "current_case": "M5__supplier_disruption__seed124__origin1934", "day": 0}
{"at_utc": "2026-10-09T00:43:12.455294+00:00", "phase": "running", "runs_complete": 846, "expected_runs": 1080, "fresh_calls_complete": 5922, "current_case": "RetailNet__supplier_disruption__seed124__origin83", "day": 4}
{"at_utc": "2026-10-09T00:43:52.456842+00:00", "phase": "running", "runs_complete": 852, "expected_runs": 1080, "fresh_calls_complete": 5964, "current_case": "M5__promotion__seed124__origin1927", "day": 0}
{"at_utc": "2026-10-09T00:44:32.459834+00:00", "phase": "running", "runs_complete": 855, "expected_runs": 1080, "fresh_calls_complete": 5985, "current_case": "M5__promotion__seed124__origin1934", "day": 3}
{"at_utc": "2026-10-09T00:45:12.461785+00:00", "phase": "running", "runs_complete": 861, "expected_runs": 1080, "fresh_calls_complete": 6027, "current_case": "RetailNet__promotion__seed124__origin90", "day": 0}
{"at_utc": "2026-10-09T00:45:52.463179+00:00", "phase": "running", "runs_complete": 864, "expected_runs": 1080, "fresh_calls_complete": 6048, "current_case": "M5__routine__seed125__origin1927", "day": 4}
{"at_utc": "2026-10-09T00:46:32.465214+00:00", "phase": "running", "runs_complete": 870, "expected_runs": 1080, "fresh_calls_complete": 6090, "current_case": "RetailNet__routine__seed125__origin83", "day": 0}
{"at_utc": "2026-10-09T00:47:12.468565+00:00", "phase": "running", "runs_complete": 873, "expected_runs": 1080, "fresh_calls_complete": 6111, "current_case": "RetailNet__routine__seed125__origin90", "day": 4}
{"at_utc": "2026-10-09T00:47:52.469999+00:00", "phase": "running", "runs_complete": 879, "expected_runs": 1080, "fresh_calls_complete": 6153, "current_case": "M5__supplier_disruption__seed125__origin1934", "day": 0}
{"at_utc": "2026-10-09T00:48:32.472142+00:00", "phase": "running", "runs_complete": 882, "expected_runs": 1080, "fresh_calls_complete": 6174, "current_case": "RetailNet__supplier_disruption__seed125__origin83", "day": 3}
{"at_utc": "2026-10-09T00:49:12.473856+00:00", "phase": "running", "runs_complete": 888, "expected_runs": 1080, "fresh_calls_complete": 6216, "current_case": "M5__promotion__seed125__origin1927", "day": 0}
{"at_utc": "2026-10-09T00:49:52.475339+00:00", "phase": "running", "runs_complete": 891, "expected_runs": 1080, "fresh_calls_complete": 6237, "current_case": "M5__promotion__seed125__origin1934", "day": 3}
{"at_utc": "2026-10-09T00:50:32.476867+00:00", "phase": "running", "runs_complete": 897, "expected_runs": 1080, "fresh_calls_complete": 6279, "current_case": "RetailNet__promotion__seed125__origin90", "day": 0}
{"at_utc": "2026-10-09T00:51:12.478994+00:00", "phase": "running", "runs_complete": 900, "expected_runs": 1080, "fresh_calls_complete": 6300, "current_case": "M5__routine__seed126__origin1927", "day": 4}
{"at_utc": "2026-10-09T00:51:52.480434+00:00", "phase": "running", "runs_complete": 906, "expected_runs": 1080, "fresh_calls_complete": 6342, "current_case": "RetailNet__routine__seed126__origin83", "day": 1}
{"at_utc": "2026-10-09T00:52:32.481951+00:00", "phase": "running", "runs_complete": 909, "expected_runs": 1080, "fresh_calls_complete": 6363, "current_case": "RetailNet__routine__seed126__origin90", "day": 4}
{"at_utc": "2026-10-09T00:53:12.483452+00:00", "phase": "running", "runs_complete": 915, "expected_runs": 1080, "fresh_calls_complete": 6405, "current_case": "M5__supplier_disruption__seed126__origin1934", "day": 1}
{"at_utc": "2026-10-09T00:53:52.484856+00:00", "phase": "running", "runs_complete": 918, "expected_runs": 1080, "fresh_calls_complete": 6426, "current_case": "RetailNet__supplier_disruption__seed126__origin83", "day": 4}
{"at_utc": "2026-10-09T00:54:32.486259+00:00", "phase": "running", "runs_complete": 924, "expected_runs": 1080, "fresh_calls_complete": 6468, "current_case": "M5__promotion__seed126__origin1927", "day": 1}
{"at_utc": "2026-10-09T00:55:12.487833+00:00", "phase": "running", "runs_complete": 927, "expected_runs": 1080, "fresh_calls_complete": 6489, "current_case": "M5__promotion__seed126__origin1934", "day": 4}
{"at_utc": "2026-10-09T00:55:52.489358+00:00", "phase": "running", "runs_complete": 933, "expected_runs": 1080, "fresh_calls_complete": 6531, "current_case": "RetailNet__promotion__seed126__origin90", "day": 0}
{"at_utc": "2026-10-09T00:56:32.490940+00:00", "phase": "running", "runs_complete": 936, "expected_runs": 1080, "fresh_calls_complete": 6552, "current_case": "M5__routine__seed127__origin1927", "day": 4}
{"at_utc": "2026-10-09T00:57:12.492425+00:00", "phase": "running", "runs_complete": 942, "expected_runs": 1080, "fresh_calls_complete": 6594, "current_case": "RetailNet__routine__seed127__origin83", "day": 1}
{"at_utc": "2026-10-09T00:57:52.493883+00:00", "phase": "running", "runs_complete": 945, "expected_runs": 1080, "fresh_calls_complete": 6615, "current_case": "RetailNet__routine__seed127__origin90", "day": 4}
{"at_utc": "2026-10-09T00:58:32.496338+00:00", "phase": "running", "runs_complete": 951, "expected_runs": 1080, "fresh_calls_complete": 6657, "current_case": "M5__supplier_disruption__seed127__origin1934", "day": 0}
{"at_utc": "2026-10-09T00:59:12.497862+00:00", "phase": "running", "runs_complete": 954, "expected_runs": 1080, "fresh_calls_complete": 6678, "current_case": "RetailNet__supplier_disruption__seed127__origin83", "day": 3}
{"at_utc": "2026-10-09T00:59:52.499384+00:00", "phase": "running", "runs_complete": 960, "expected_runs": 1080, "fresh_calls_complete": 6720, "current_case": "RetailNet__supplier_disruption__seed127__origin90", "day": 6}
{"at_utc": "2026-10-09T01:00:32.500879+00:00", "phase": "running", "runs_complete": 963, "expected_runs": 1080, "fresh_calls_complete": 6741, "current_case": "M5__promotion__seed127__origin1934", "day": 3}
{"at_utc": "2026-10-09T01:01:12.502371+00:00", "phase": "running", "runs_complete": 969, "expected_runs": 1080, "fresh_calls_complete": 6783, "current_case": "RetailNet__promotion__seed127__origin83", "day": 6}
{"at_utc": "2026-10-09T01:01:52.504549+00:00", "phase": "running", "runs_complete": 972, "expected_runs": 1080, "fresh_calls_complete": 6804, "current_case": "M5__routine__seed128__origin1927", "day": 2}
{"at_utc": "2026-10-09T01:02:32.510089+00:00", "phase": "running", "runs_complete": 978, "expected_runs": 1080, "fresh_calls_complete": 6846, "current_case": "M5__routine__seed128__origin1934", "day": 6}
{"at_utc": "2026-10-09T01:03:12.511520+00:00", "phase": "running", "runs_complete": 981, "expected_runs": 1080, "fresh_calls_complete": 6867, "current_case": "RetailNet__routine__seed128__origin90", "day": 2}
{"at_utc": "2026-10-09T01:03:52.513039+00:00", "phase": "running", "runs_complete": 987, "expected_runs": 1080, "fresh_calls_complete": 6909, "current_case": "M5__supplier_disruption__seed128__origin1927", "day": 6}
{"at_utc": "2026-10-09T01:04:32.516876+00:00", "phase": "running", "runs_complete": 990, "expected_runs": 1080, "fresh_calls_complete": 6930, "current_case": "RetailNet__supplier_disruption__seed128__origin83", "day": 2}
{"at_utc": "2026-10-09T01:05:12.518356+00:00", "phase": "running", "runs_complete": 993, "expected_runs": 1080, "fresh_calls_complete": 6951, "current_case": "RetailNet__supplier_disruption__seed128__origin90", "day": 5}
{"at_utc": "2026-10-09T01:05:52.519743+00:00", "phase": "running", "runs_complete": 999, "expected_runs": 1080, "fresh_calls_complete": 6993, "current_case": "M5__promotion__seed128__origin1934", "day": 1}
{"at_utc": "2026-10-09T01:06:32.521337+00:00", "phase": "running", "runs_complete": 1002, "expected_runs": 1080, "fresh_calls_complete": 7014, "current_case": "RetailNet__promotion__seed128__origin83", "day": 5}
{"at_utc": "2026-10-09T01:07:12.526057+00:00", "phase": "running", "runs_complete": 1008, "expected_runs": 1080, "fresh_calls_complete": 7056, "current_case": "M5__routine__seed129__origin1927", "day": 2}
{"at_utc": "2026-10-09T01:07:52.527644+00:00", "phase": "running", "runs_complete": 1014, "expected_runs": 1080, "fresh_calls_complete": 7098, "current_case": "M5__routine__seed129__origin1934", "day": 6}
{"at_utc": "2026-10-09T01:08:32.529315+00:00", "phase": "running", "runs_complete": 1017, "expected_runs": 1080, "fresh_calls_complete": 7119, "current_case": "RetailNet__routine__seed129__origin90", "day": 2}
{"at_utc": "2026-10-09T01:09:12.534062+00:00", "phase": "running", "runs_complete": 1020, "expected_runs": 1080, "fresh_calls_complete": 7140, "current_case": "M5__supplier_disruption__seed129__origin1927", "day": 5}
{"at_utc": "2026-10-09T01:09:52.541034+00:00", "phase": "running", "runs_complete": 1026, "expected_runs": 1080, "fresh_calls_complete": 7182, "current_case": "RetailNet__supplier_disruption__seed129__origin83", "day": 2}
{"at_utc": "2026-10-09T01:10:32.542684+00:00", "phase": "running", "runs_complete": 1029, "expected_runs": 1080, "fresh_calls_complete": 7203, "current_case": "RetailNet__supplier_disruption__seed129__origin90", "day": 5}
{"at_utc": "2026-10-09T01:11:12.544168+00:00", "phase": "running", "runs_complete": 1035, "expected_runs": 1080, "fresh_calls_complete": 7245, "current_case": "M5__promotion__seed129__origin1934", "day": 1}
{"at_utc": "2026-10-09T01:11:52.545789+00:00", "phase": "running", "runs_complete": 1038, "expected_runs": 1080, "fresh_calls_complete": 7266, "current_case": "RetailNet__promotion__seed129__origin83", "day": 5}
{"at_utc": "2026-10-09T01:12:32.550114+00:00", "phase": "running", "runs_complete": 1044, "expected_runs": 1080, "fresh_calls_complete": 7308, "current_case": "M5__routine__seed130__origin1927", "day": 2}
{"at_utc": "2026-10-09T01:13:12.551637+00:00", "phase": "running", "runs_complete": 1050, "expected_runs": 1080, "fresh_calls_complete": 7350, "current_case": "M5__routine__seed130__origin1934", "day": 6}
{"at_utc": "2026-10-09T01:13:52.553297+00:00", "phase": "running", "runs_complete": 1053, "expected_runs": 1080, "fresh_calls_complete": 7371, "current_case": "RetailNet__routine__seed130__origin90", "day": 3}
{"at_utc": "2026-10-09T01:14:32.558204+00:00", "phase": "running", "runs_complete": 1059, "expected_runs": 1080, "fresh_calls_complete": 7413, "current_case": "M5__supplier_disruption__seed130__origin1934", "day": 0}
{"at_utc": "2026-10-09T01:15:12.559731+00:00", "phase": "running", "runs_complete": 1062, "expected_runs": 1080, "fresh_calls_complete": 7434, "current_case": "RetailNet__supplier_disruption__seed130__origin83", "day": 3}
{"at_utc": "2026-10-09T01:15:52.561439+00:00", "phase": "running", "runs_complete": 1068, "expected_runs": 1080, "fresh_calls_complete": 7476, "current_case": "M5__promotion__seed130__origin1927", "day": 0}
{"at_utc": "2026-10-09T01:16:32.566149+00:00", "phase": "running", "runs_complete": 1071, "expected_runs": 1080, "fresh_calls_complete": 7497, "current_case": "M5__promotion__seed130__origin1934", "day": 4}
{"at_utc": "2026-10-09T01:17:12.567726+00:00", "phase": "running", "runs_complete": 1077, "expected_runs": 1080, "fresh_calls_complete": 7539, "current_case": "RetailNet__promotion__seed130__origin90", "day": 0}
{"at_utc": "2026-10-09T01:17:52.568302+00:00", "phase": "evaluation_finished", "status": "COMPLETE", "completed_at_utc": "2026-10-09T01:17:32.052844+00:00", "runs": 1080, "portfolio_days": 7560, "fresh_primary_model_calls": 7560, "balanced_seeds_complete": [101, 102, 103, 104, 105, 106, 107, 108, 109, 110, 111, 112, 113, 114, 115, 116, 117, 118, 119, 120, 121, 122, 123, 124, 125, 126, 127, 128, 129, 130], "runtime_seconds": 9576.842331996999, "expected_runs": 1080, "protocol_sha256": "313022ff110d796bd2bf91839f8168761ae6a5899fe5119d3f772b6f4e2188bb"}
{"at_utc": "2026-10-09T01:17:52.568502+00:00", "phase": "audit_started"}
{"at_utc": "2026-10-09T01:18:01.775888+00:00", "phase": "audit_complete"}
{"at_utc": "2026-10-09T01:18:01.776076+00:00", "phase": "reports_started"}
{"at_utc": "2026-10-09T01:18:04.643084+00:00", "phase": "reports_complete"}
{"at_utc": "2026-10-09T01:18:04.643296+00:00", "phase": "ready_for_visual_review_and_publication"}
